// Jest Snapshot v1, https://goo.gl/fbAQLP

exports[`Arrows snapshot renders 1`] = `
<div
  className="sc-AxjAm hAemoA"
>
  <div
    className="sc-AxirZ cQftid"
    direction="left"
    onClick={[Function]}
  >
    <svg
      fill="currentColor"
      height="3rem"
      size="3rem"
      stroke="currentColor"
      strokeWidth="0"
      style={
        Object {
          "color": undefined,
        }
      }
      viewBox="0 0 256 512"
      width="3rem"
      xmlns="http://www.w3.org/2000/svg"
    >
      <path
        d="M31.7 239l136-136c9.4-9.4 24.6-9.4 33.9 0l22.6 22.6c9.4 9.4 9.4 24.6 0 33.9L127.9 256l96.4 96.4c9.4 9.4 9.4 24.6 0 33.9L201.7 409c-9.4 9.4-24.6 9.4-33.9 0l-136-136c-9.5-9.4-9.5-24.6-.1-34z"
      />
    </svg>
  </div>
  <div
    className="sc-AxirZ kMBLbH"
    direction="up"
    onClick={[Function]}
  >
    <svg
      fill="currentColor"
      height="3rem"
      size="3rem"
      stroke="currentColor"
      strokeWidth="0"
      style={
        Object {
          "color": undefined,
        }
      }
      viewBox="0 0 320 512"
      width="3rem"
      xmlns="http://www.w3.org/2000/svg"
    >
      <path
        d="M177 159.7l136 136c9.4 9.4 9.4 24.6 0 33.9l-22.6 22.6c-9.4 9.4-24.6 9.4-33.9 0L160 255.9l-96.4 96.4c-9.4 9.4-24.6 9.4-33.9 0L7 329.7c-9.4-9.4-9.4-24.6 0-33.9l136-136c9.4-9.5 24.6-9.5 34-.1z"
      />
    </svg>
  </div>
  <div
    className="sc-AxirZ EUpmt"
    direction="right"
    onClick={[Function]}
  >
    <svg
      fill="currentColor"
      height="3rem"
      size="3rem"
      stroke="currentColor"
      strokeWidth="0"
      style={
        Object {
          "color": undefined,
        }
      }
      viewBox="0 0 256 512"
      width="3rem"
      xmlns="http://www.w3.org/2000/svg"
    >
      <path
        d="M224.3 273l-136 136c-9.4 9.4-24.6 9.4-33.9 0l-22.6-22.6c-9.4-9.4-9.4-24.6 0-33.9l96.4-96.4-96.4-96.4c-9.4-9.4-9.4-24.6 0-33.9L54.3 103c9.4-9.4 24.6-9.4 33.9 0l136 136c9.5 9.4 9.5 24.6.1 34z"
      />
    </svg>
  </div>
  <div
    className="sc-AxirZ dNYJkA"
    direction="down"
    onClick={[Function]}
  >
    <svg
      fill="currentColor"
      height="3rem"
      size="3rem"
      stroke="currentColor"
      strokeWidth="0"
      style={
        Object {
          "color": undefined,
        }
      }
      viewBox="0 0 320 512"
      width="3rem"
      xmlns="http://www.w3.org/2000/svg"
    >
      <path
        d="M143 352.3L7 216.3c-9.4-9.4-9.4-24.6 0-33.9l22.6-22.6c9.4-9.4 24.6-9.4 33.9 0l96.4 96.4 96.4-96.4c9.4-9.4 24.6-9.4 33.9 0l22.6 22.6c9.4 9.4 9.4 24.6 0 33.9l-136 136c-9.2 9.4-24.4 9.4-33.8 0z"
      />
    </svg>
  </div>
</div>
`;
