// Jest Snapshot v1, https://goo.gl/fbAQLP

exports[`Tile snapshot renders 1`] = `
<div
  className="sc-AxiKw kDujED"
>
  <div
    className="sc-AxhUy iNZIgF"
    onMouseEnter={[Function]}
    onMouseLeave={[Function]}
  />
</div>
`;
